Archive member included to satisfy reference by file (symbol)

/opt/arm/gcc-arm-none-eabi-10-2020-q4-major/bin/../lib/gcc/arm-none-eabi/10.2.1/../../../../arm-none-eabi/lib/thumb/v8-m.main/nofp/libc_nano.a(lib_a-errno.o)
                              ./rz/fsp/src/bsp/mcu/all/bsp_sbrk.o (__errno)
/opt/arm/gcc-arm-none-eabi-10-2020-q4-major/bin/../lib/gcc/arm-none-eabi/10.2.1/../../../../arm-none-eabi/lib/thumb/v8-m.main/nofp/libc_nano.a(lib_a-impure.o)
                              /opt/arm/gcc-arm-none-eabi-10-2020-q4-major/bin/../lib/gcc/arm-none-eabi/10.2.1/../../../../arm-none-eabi/lib/thumb/v8-m.main/nofp/libc_nano.a(lib_a-errno.o) (_impure_ptr)
/opt/arm/gcc-arm-none-eabi-10-2020-q4-major/bin/../lib/gcc/arm-none-eabi/10.2.1/../../../../arm-none-eabi/lib/thumb/v8-m.main/nofp/libc_nano.a(lib_a-memcpy-stub.o)
                              ./rz/fsp/src/bsp/cmsis/Device/RENESAS/Source/system.o (memcpy)
/opt/arm/gcc-arm-none-eabi-10-2020-q4-major/bin/../lib/gcc/arm-none-eabi/10.2.1/../../../../arm-none-eabi/lib/thumb/v8-m.main/nofp/libc_nano.a(lib_a-memset.o)
                              ./rz/fsp/src/bsp/cmsis/Device/RENESAS/Source/system.o (memset)

Discarded input sections

 .group         0x0000000000000000        0xc ./src/hal_entry.o
 .group         0x0000000000000000        0xc ./src/hal_entry.o
 .group         0x0000000000000000        0xc ./src/hal_entry.o
 .group         0x0000000000000000        0xc ./src/hal_entry.o
 .group         0x0000000000000000        0xc ./src/hal_entry.o
 .group         0x0000000000000000        0xc ./src/hal_entry.o
 .group         0x0000000000000000        0xc ./src/hal_entry.o
 .group         0x0000000000000000        0xc ./src/hal_entry.o
 .group         0x0000000000000000        0xc ./src/hal_entry.o
 .group         0x0000000000000000        0xc ./src/hal_entry.o
 .group         0x0000000000000000        0xc ./src/hal_entry.o
 .group         0x0000000000000000        0xc ./src/hal_entry.o
 .group         0x0000000000000000        0xc ./src/hal_entry.o
 .group         0x0000000000000000        0xc ./src/hal_entry.o
 .group         0x0000000000000000        0xc ./src/hal_entry.o
 .group         0x0000000000000000        0xc ./src/hal_entry.o
 .group         0x0000000000000000        0xc ./src/hal_entry.o
 .group         0x0000000000000000        0xc ./src/hal_entry.o
 .group         0x0000000000000000        0xc ./src/hal_entry.o
 .group         0x0000000000000000        0xc ./src/hal_entry.o
 .group         0x0000000000000000        0xc ./src/hal_entry.o
 .group         0x0000000000000000        0xc ./src/hal_entry.o
 .group         0x0000000000000000        0xc ./src/hal_entry.o
 .group         0x0000000000000000        0xc ./src/hal_entry.o
 .group         0x0000000000000000        0xc ./src/hal_entry.o
 .group         0x0000000000000000        0xc ./src/hal_entry.o
 .group         0x0000000000000000        0xc ./src/hal_entry.o
 .group         0x0000000000000000        0xc ./src/hal_entry.o
 .group         0x0000000000000000        0xc ./src/hal_entry.o
 .group         0x0000000000000000        0xc ./src/hal_entry.o
 .group         0x0000000000000000        0xc ./src/hal_entry.o
 .group         0x0000000000000000        0xc ./src/hal_entry.o
 .group         0x0000000000000000        0xc ./src/hal_entry.o
 .group         0x0000000000000000        0xc ./src/hal_entry.o
 .group         0x0000000000000000        0xc ./src/hal_entry.o
 .group         0x0000000000000000        0xc ./src/hal_entry.o
 .group         0x0000000000000000        0xc ./src/hal_entry.o
 .group         0x0000000000000000        0xc ./src/hal_entry.o
 .group         0x0000000000000000        0xc ./src/hal_entry.o
 .group         0x0000000000000000        0xc ./src/hal_entry.o
 .group         0x0000000000000000        0xc ./src/hal_entry.o
 .group         0x0000000000000000        0xc ./src/hal_entry.o
 .group         0x0000000000000000        0xc ./src/hal_entry.o
 .group         0x0000000000000000        0xc ./src/hal_entry.o
 .group         0x0000000000000000        0xc ./src/hal_entry.o
 .group         0x0000000000000000        0xc ./src/hal_entry.o
 .group         0x0000000000000000        0xc ./src/hal_entry.o
 .group         0x0000000000000000        0xc ./src/hal_entry.o
 .group         0x0000000000000000        0xc ./src/hal_entry.o
 .group         0x0000000000000000        0xc ./src/hal_entry.o
 .group         0x0000000000000000        0xc ./src/hal_entry.o
 .group         0x0000000000000000        0xc ./src/hal_entry.o
 .group         0x0000000000000000        0xc ./src/hal_entry.o
 .group         0x0000000000000000        0xc ./src/hal_entry.o
 .group         0x0000000000000000        0xc ./src/hal_entry.o
 .group         0x0000000000000000        0xc ./src/hal_entry.o
 .group         0x0000000000000000        0xc ./src/hal_entry.o
 .group         0x0000000000000000        0xc ./src/hal_entry.o
 .group         0x0000000000000000        0xc ./src/hal_entry.o
[...]
Memory Configuration

Name             Origin             Length             Attributes
SRAM_S           0x000000003001f800 0x0000000000000800 xrw
SRAM_S_L         0x000000000001f800 0x0000000000000800 xrw
SRAM_N           0x000000002001e000 0x0000000000001400 xrw
SRAM_N_L         0x000000000001e000 0x0000000000001400 xrw
CODE_S           0x000000001001f400 0x0000000000000400 xr
CODE_S_L         0x000000000001f400 0x0000000000000400 xr
CODE_N           0x0000000000010000 0x000000000000e000 xr
CODE_N_L         0x0000000000010000 0x000000000000e000 xr
*default*        0x0000000000000000 0xffffffffffffffff

Linker script and memory map

START GROUP
END GROUP
LOAD ./src/hal_entry.o
LOAD ./src/pin_data.o
LOAD ./rz_gen/common_data.o
LOAD ./rz_gen/hal_data.o
LOAD ./rz_gen/main.o
LOAD ./rz_gen/vector_data.o
LOAD ./rz/fsp/src/r_ioport/r_ioport.o
LOAD ./rz/fsp/src/r_gtm/r_gtm.o
LOAD ./rz/fsp/src/bsp/mcu/rzg2l/bsp_irq_vector.o
LOAD ./rz/fsp/src/bsp/mcu/all/bsp_clocks.o
LOAD ./rz/fsp/src/bsp/mcu/all/bsp_common.o
LOAD ./rz/fsp/src/bsp/mcu/all/bsp_delay.o
LOAD ./rz/fsp/src/bsp/mcu/all/bsp_group_irq.o
LOAD ./rz/fsp/src/bsp/mcu/all/bsp_guard.o
LOAD ./rz/fsp/src/bsp/mcu/all/bsp_io.o
LOAD ./rz/fsp/src/bsp/mcu/all/bsp_irq.o
LOAD ./rz/fsp/src/bsp/mcu/all/bsp_irqs.o
LOAD ./rz/fsp/src/bsp/mcu/all/bsp_sbrk.o
LOAD ./rz/fsp/src/bsp/mcu/all/bsp_security.o
LOAD ./rz/fsp/src/bsp/cmsis/Device/RENESAS/Source/startup.o
LOAD ./rz/fsp/src/bsp/cmsis/Device/RENESAS/Source/startups.o
LOAD ./rz/fsp/src/bsp/cmsis/Device/RENESAS/Source/system.o
LOAD ./rz/fsp/src/bsp/cmsis/Device/RENESAS/Source/systems.o
LOAD ./rz/board/rzg2l_ek/board_init.o
LOAD ./rz/board/rzg2l_ek/board_leds.o
START GROUP
LOAD /opt/arm/gcc-arm-none-eabi-10-2020-q4-major/bin/../lib/gcc/arm-none-eabi/10.2.1/thumb/v8-m.main/nofp/libgcc.a
LOAD /opt/arm/gcc-arm-none-eabi-10-2020-q4-major/bin/../lib/gcc/arm-none-eabi/10.2.1/../../../../arm-none-eabi/lib/thumb/v8-m.main/nofp/libc_nano.a
END GROUP
START GROUP
LOAD /opt/arm/gcc-arm-none-eabi-10-2020-q4-major/bin/../lib/gcc/arm-none-eabi/10.2.1/thumb/v8-m.main/nofp/libgcc.a
LOAD /opt/arm/gcc-arm-none-eabi-10-2020-q4-major/bin/../lib/gcc/arm-none-eabi/10.2.1/../../../../arm-none-eabi/lib/thumb/v8-m.main/nofp/libc_nano.a
END GROUP
                0x0000000000010000                CODE_N_START = 0x10000
                0x0000000000010000                CODE_N_START_L = 0x10000
                0x000000000000e000                CODE_N_LENGTH = 0xe000
                0x000000001001f400                CODE_S_START = 0x1001f400
                0x000000000001f400                CODE_S_START_L = 0x1f400
                0x0000000000000400                CODE_S_LENGTH = 0x400
                0x000000002001e000                SRAM_N_START = 0x2001e000
                0x000000000001e000                SRAM_N_START_L = 0x1e000
                0x0000000000001400                SRAM_N_LENGTH = 0x1400
                0x000000003001f800                SRAM_S_START = 0x3001f800
                0x000000000001f800                SRAM_S_START_L = 0x1f800
                0x0000000000000800                SRAM_S_LENGTH = 0x800
                0x0000000040010000                DDR_START = 0x40010000
                0x0000000003ff0000                DDR_LENGTH = 0x3ff0000
START GROUP
LOAD /opt/arm/gcc-arm-none-eabi-10-2020-q4-major/bin/../lib/gcc/arm-none-eabi/10.2.1/thumb/v8-m.main/nofp/libgcc.a
LOAD /opt/arm/gcc-arm-none-eabi-10-2020-q4-major/bin/../lib/gcc/arm-none-eabi/10.2.1/../../../../arm-none-eabi/lib/thumb/v8-m.main/nofp/libc.a
LOAD /opt/arm/gcc-arm-none-eabi-10-2020-q4-major/bin/../lib/gcc/arm-none-eabi/10.2.1/../../../../arm-none-eabi/lib/thumb/v8-m.main/nofp/libm.a
LOAD /opt/arm/gcc-arm-none-eabi-10-2020-q4-major/bin/../lib/gcc/arm-none-eabi/10.2.1/../../../../arm-none-eabi/lib/thumb/v8-m.main/nofp/libnosys.a
END GROUP
                0x000000001001f400                __tz_CODE_S = ABSOLUTE (CODE_S_START)
                0x000000001001f400                . = __tz_CODE_S

.secure         0x000000001001f400      0x268 load address 0x000000000001f400
                0x000000001001f400                __CODE_S_Start = .
 *(.fixed_secure_vectors*)
 .fixed_secure_vectors
                0x000000001001f400       0x40 ./rz/fsp/src/bsp/cmsis/Device/RENESAS/Source/startups.o
                0x000000001001f400                __Secure_Vectors
                0x000000001001f440                . = (__CODE_S_Start + 0x40)
 *\bsp_security.o(.text)
 *\bsp_security.o(.text.*)
 .text.R_BSP_NonSecureEnter
                0x000000001001f440       0x54 ./rz/fsp/src/bsp/mcu/all/bsp_security.o
                0x000000001001f440                R_BSP_NonSecureEnter
 .text.R_BSP_SecurityInit
                0x000000001001f494       0x94 ./rz/fsp/src/bsp/mcu/all/bsp_security.o
                0x000000001001f494                R_BSP_SecurityInit
 .text.R_BSP_PinCfgSecurityInit
                0x000000001001f528        0xc ./rz/fsp/src/bsp/mcu/all/bsp_security.o
                0x000000001001f528                R_BSP_PinCfgSecurityInit
 *\bsp_security.o(.rodata)
 *\bsp_security.o(.rodata.*)
 *\bsp_irqs.o(.text)
 *\bsp_irqs.o(.text.*)
 .text.bsp_irq_cfg_s
                0x000000001001f534       0xb8 ./rz/fsp/src/bsp/mcu/all/bsp_irqs.o
                0x000000001001f534                bsp_irq_cfg_s
 *\bsp_irqs.o(.rodata)
 *\bsp_irqs.o(.rodata.*)
 *\startups.o(.text)
 *\startups.o(.text.*)
 .text.Reset_Handler_S
                0x000000001001f5ec        0xa ./rz/fsp/src/bsp/cmsis/Device/RENESAS/Source/startups.o
                0x000000001001f5ec                Reset_Handler_S
 .text.Default_Handler_S
                0x000000001001f5f6        0xe ./rz/fsp/src/bsp/cmsis/Device/RENESAS/Source/startups.o
                0x000000001001f5f6                PendSV_Handler_S
                0x000000001001f5f6                MemManage_Handler_S
                0x000000001001f5f6                Default_Handler_S
                0x000000001001f5f6                SysTick_Handler_S
                0x000000001001f5f6                HardFault_Handler_S
                0x000000001001f5f6                DebugMon_Handler_S
                0x000000001001f5f6                SVC_Handler_S
                0x000000001001f5f6                BusFault_Handler_S
                0x000000001001f5f6                UsageFault_Handler_S
 .text.NMI_Handler_S
                0x000000001001f604        0xe ./rz/fsp/src/bsp/cmsis/Device/RENESAS/Source/startups.o
                0x000000001001f604                NMI_Handler_S
 .text.SecureFault_Handler
                0x000000001001f612        0xe ./rz/fsp/src/bsp/cmsis/Device/RENESAS/Source/startups.o
                0x000000001001f612                SecureFault_Handler
 *\startups.o(.rodata)
 *\startups.o(.rodata.*)
 *\systems.o(.text)
 *\systems.o(.text.*)
 .text.SystemInit_S
                0x000000001001f620       0x48 ./rz/fsp/src/bsp/cmsis/Device/RENESAS/Source/systems.o
                0x000000001001f620                SystemInit_S
 *\systems.o(.rodata)
 *\systems.o(.rodata.*)
                0x000000001001f668                __CODE_S_End = .
                0x000000003001f800                __tz_SRAM_S = ABSOLUTE (SRAM_S_START)
                0x000000003001f800                . = __tz_SRAM_S

.s_stack_dummy  0x000000003001f800      0x200 load address 0x000000000001f800
                0x000000003001f800                __S_StackLimit = .
 *(.s_stack)
 .s_stack       0x000000003001f800      0x200 ./rz/fsp/src/bsp/cmsis/Device/RENESAS/Source/startups.o
                0x000000003001fa00                __S_StackTop = .
                0x0000000000010000                __tz_CODE_N = ABSOLUTE (CODE_N_START)
                0x0000000000010000                . = __tz_CODE_N

.text           0x0000000000010000     0x18ec
                0x0000000000010000                __CODE_N_Start = .
 *(.fixed_vectors*)
 .fixed_vectors
                0x0000000000010000       0x40 ./rz/fsp/src/bsp/cmsis/Device/RENESAS/Source/startup.o
                0x0000000000010000                __Vectors
 *(.application_vectors*)
 .application_vectors
                0x0000000000010040      0x780 ./rz/fsp/src/bsp/mcu/rzg2l/bsp_irq_vector.o
                0x0000000000010040                g_vector_table
                0x00000000000107c0                __Vectors_End = .
                0x0000000000010800                . = (__CODE_N_Start + 0x800)
 *fill*         0x00000000000107c0       0x40 
 *(.text*)
 .text.R_BSP_PinWrite
                0x0000000000010800       0x98 ./src/hal_entry.o
 .text.timer_isr
                0x0000000000010898       0x64 ./src/hal_entry.o
 .text.hal_entry
                0x00000000000108fc       0x5c ./src/hal_entry.o
                0x00000000000108fc                hal_entry
 .text.R_BSP_WarmStart
                0x0000000000010958       0x28 ./src/hal_entry.o
                0x0000000000010958                R_BSP_WarmStart
 .text.main     0x0000000000010980        0xe ./rz_gen/main.o
                0x0000000000010980                main
 *fill*         0x000000000001098e        0x2 
 .text.R_BSP_PinAccessEnable
                0x0000000000010990       0x68 ./rz/fsp/src/r_ioport/r_ioport.o
 .text.R_BSP_PinAccessDisable
                0x00000000000109f8       0x70 ./rz/fsp/src/r_ioport/r_ioport.o
 .text.R_IOPORT_Open
                0x0000000000010a68       0x28 ./rz/fsp/src/r_ioport/r_ioport.o
                0x0000000000010a68                R_IOPORT_Open
 .text.r_ioport_pins_config
                0x0000000000010a90       0x50 ./rz/fsp/src/r_ioport/r_ioport.o
 .text.r_ioport_pfs_write
                0x0000000000010ae0       0x34 ./rz/fsp/src/r_ioport/r_ioport.o
 .text.r_ioport_pin_config_peri_mode
                0x0000000000010b14      0x1dc ./rz/fsp/src/r_ioport/r_ioport.o
 .text.r_ioport_pin_config_port_mode
                0x0000000000010cf0       0xa0 ./rz/fsp/src/r_ioport/r_ioport.o
 .text.make_regwrite_value
                0x0000000000010d90       0x2a ./rz/fsp/src/r_ioport/r_ioport.o
 .text.make_mask_8
                0x0000000000010dba       0x28 ./rz/fsp/src/r_ioport/r_ioport.o
 .text.make_mask_16
                0x0000000000010de2       0x2a ./rz/fsp/src/r_ioport/r_ioport.o
 .text.make_mask_32
                0x0000000000010e0c       0x24 ./rz/fsp/src/r_ioport/r_ioport.o
 .text.make_mask_64
                0x0000000000010e30       0x44 ./rz/fsp/src/r_ioport/r_ioport.o
 .text.make_port_pin_num
                0x0000000000010e74       0x2c ./rz/fsp/src/r_ioport/r_ioport.o
 .text.RZA_IO_RegWrite_8
                0x0000000000010ea0       0x52 ./rz/fsp/src/r_ioport/r_ioport.o
 .text.RZA_IO_RegWrite_16
                0x0000000000010ef2       0x54 ./rz/fsp/src/r_ioport/r_ioport.o
 .text.RZA_IO_RegWrite_32
                0x0000000000010f46       0x48 ./rz/fsp/src/r_ioport/r_ioport.o
 .text.RZA_IO_RegWrite_64
                0x0000000000010f8e       0x92 ./rz/fsp/src/r_ioport/r_ioport.o
 .text.__NVIC_DisableIRQ
                0x0000000000011020       0x48 ./rz/fsp/src/r_gtm/r_gtm.o
 .text.R_FSP_CurrentIrqGet
                0x0000000000011068       0x28 ./rz/fsp/src/r_gtm/r_gtm.o
 .text.R_FSP_IsrContextSet
                0x0000000000011090       0x28 ./rz/fsp/src/r_gtm/r_gtm.o
 .text.R_BSP_IrqStatusClear
                0x00000000000110b8       0x14 ./rz/fsp/src/r_gtm/r_gtm.o
 .text.R_BSP_IrqClearPending
                0x00000000000110cc       0x40 ./rz/fsp/src/r_gtm/r_gtm.o
 .text.R_BSP_IrqCfg
                0x000000000001110c       0x38 ./rz/fsp/src/r_gtm/r_gtm.o
 .text.R_BSP_IrqEnableNoClear
                0x0000000000011144       0x38 ./rz/fsp/src/r_gtm/r_gtm.o
 .text.R_BSP_IrqEnable
                0x000000000001117c       0x26 ./rz/fsp/src/r_gtm/r_gtm.o
 .text.R_BSP_IrqCfgEnable
                0x00000000000111a2       0x2e ./rz/fsp/src/r_gtm/r_gtm.o
 .text.R_FSP_IsrContextGet
                0x00000000000111d0       0x24 ./rz/fsp/src/r_gtm/r_gtm.o
 .text.R_GTM_Open
                0x00000000000111f4      0x158 ./rz/fsp/src/r_gtm/r_gtm.o
                0x00000000000111f4                R_GTM_Open
 .text.R_GTM_Start
                0x000000000001134c       0x32 ./rz/fsp/src/r_gtm/r_gtm.o
                0x000000000001134c                R_GTM_Start
 .text.R_GTM_Stop
                0x000000000001137e       0x32 ./rz/fsp/src/r_gtm/r_gtm.o
                0x000000000001137e                R_GTM_Stop
 .text.R_GTM_Reset
                0x00000000000113b0       0x14 ./rz/fsp/src/r_gtm/r_gtm.o
                0x00000000000113b0                R_GTM_Reset
 .text.R_GTM_Enable
                0x00000000000113c4       0x14 ./rz/fsp/src/r_gtm/r_gtm.o
                0x00000000000113c4                R_GTM_Enable
 .text.R_GTM_Disable
                0x00000000000113d8       0x14 ./rz/fsp/src/r_gtm/r_gtm.o
                0x00000000000113d8                R_GTM_Disable
 .text.R_GTM_PeriodSet
                0x00000000000113ec       0x34 ./rz/fsp/src/r_gtm/r_gtm.o
                0x00000000000113ec                R_GTM_PeriodSet
 .text.R_GTM_DutyCycleSet
                0x0000000000011420       0x18 ./rz/fsp/src/r_gtm/r_gtm.o
                0x0000000000011420                R_GTM_DutyCycleSet
 .text.R_GTM_InfoGet
                0x0000000000011438       0x52 ./rz/fsp/src/r_gtm/r_gtm.o
                0x0000000000011438                R_GTM_InfoGet
 .text.R_GTM_StatusGet
                0x000000000001148a       0x48 ./rz/fsp/src/r_gtm/r_gtm.o
                0x000000000001148a                R_GTM_StatusGet
 .text.R_GTM_CallbackSet
                0x00000000000114d2       0x30 ./rz/fsp/src/r_gtm/r_gtm.o
                0x00000000000114d2                R_GTM_CallbackSet
 .text.R_GTM_Close
                0x0000000000011502       0x64 ./rz/fsp/src/r_gtm/r_gtm.o
                0x0000000000011502                R_GTM_Close
 *fill*         0x0000000000011566        0x2 
 .text.R_GTM_VersionGet
                0x0000000000011568       0x20 ./rz/fsp/src/r_gtm/r_gtm.o
                0x0000000000011568                R_GTM_VersionGet
 .text.r_gtm_common_preamble
                0x0000000000011588       0x14 ./rz/fsp/src/r_gtm/r_gtm.o
 .text.r_gtm_period_register_set
                0x000000000001159c       0x22 ./rz/fsp/src/r_gtm/r_gtm.o
 .text.r_gtm_clock_frequency_get
                0x00000000000115be       0x1e ./rz/fsp/src/r_gtm/r_gtm.o
 .text.gtm_int_isr
                0x00000000000115dc       0x8a ./rz/fsp/src/r_gtm/r_gtm.o
                0x00000000000115dc                gtm_int_isr
 *fill*         0x0000000000011666        0x2 
 .text.SystemCoreClockUpdate
                0x0000000000011668       0x1c ./rz/fsp/src/bsp/mcu/all/bsp_clocks.o
                0x0000000000011668                SystemCoreClockUpdate
 .text.R_FSP_SystemClockHzGet
                0x0000000000011684       0x20 ./rz/fsp/src/bsp/mcu/all/bsp_clocks.o
                0x0000000000011684                R_FSP_SystemClockHzGet
 .text.bsp_irq_cfg
                0x00000000000116a4       0x54 ./rz/fsp/src/bsp/mcu/all/bsp_irq.o
                0x00000000000116a4                bsp_irq_cfg
 .text.Reset_Handler_NS
                0x00000000000116f8        0xe ./rz/fsp/src/bsp/cmsis/Device/RENESAS/Source/startup.o
                0x00000000000116f8                Reset_Handler_NS
 .text.Default_Handler
                0x0000000000011706        0xe ./rz/fsp/src/bsp/cmsis/Device/RENESAS/Source/startup.o
                0x0000000000011706                MemManage_Handler_NS
                0x0000000000011706                BusFault_Handler_NS
                0x0000000000011706                Default_Handler
                0x0000000000011706                UsageFault_Handler_NS
                0x0000000000011706                PendSV_Handler_NS
                0x0000000000011706                SVC_Handler_NS
                0x0000000000011706                DebugMon_Handler_NS
                0x0000000000011706                HardFault_Handler_NS
                0x0000000000011706                SysTick_Handler_NS
 .text.NMI_Handler_NS
                0x0000000000011714        0xe ./rz/fsp/src/bsp/cmsis/Device/RENESAS/Source/startup.o
                0x0000000000011714                NMI_Handler_NS
 *fill*         0x0000000000011722        0x2 
 .text.SystemInit
                0x0000000000011724       0x94 ./rz/fsp/src/bsp/cmsis/Device/RENESAS/Source/system.o
                0x0000000000011724                SystemInit
 .text.bsp_init
                0x00000000000117b8       0x12 ./rz/board/rzg2l_ek/board_init.o
                0x00000000000117b8                bsp_init
 .text.memcpy   0x00000000000117ca       0x1a /opt/arm/gcc-arm-none-eabi-10-2020-q4-major/bin/../lib/gcc/arm-none-eabi/10.2.1/../../../../arm-none-eabi/lib/thumb/v8-m.main/nofp/libc_nano.a(lib_a-memcpy-stub.o)
                0x00000000000117ca                memcpy
 .text.memset   0x00000000000117e4       0x10 /opt/arm/gcc-arm-none-eabi-10-2020-q4-major/bin/../lib/gcc/arm-none-eabi/10.2.1/../../../../arm-none-eabi/lib/thumb/v8-m.main/nofp/libc_nano.a(lib_a-memset.o)
                0x00000000000117e4                memset
 *(.version)
 .version       0x00000000000117f4       0x50 ./rz/fsp/src/bsp/mcu/all/bsp_common.o
 *(.init)
 *(.fini)
 *crtbegin.o(.ctors)
 *crtbegin?.o(.ctors)
 *(EXCLUDE_FILE(crtend.o * crtend?.o *) .ctors)
 *(SORT_BY_NAME(.ctors.*))
 *(.ctors)
 *crtbegin.o(.dtors)
 *crtbegin?.o(.dtors)
 *(EXCLUDE_FILE(crtend.o * crtend?.o *) .dtors)
 *(SORT_BY_NAME(.dtors.*))
 *(.dtors)
 *(.rodata*)
 .rodata.g_bsp_pin_cfg_data
                0x0000000000011844       0x20 ./src/pin_data.o
                0x0000000000011844                g_bsp_pin_cfg_data
 .rodata.g_bsp_pin_cfg
                0x0000000000011864        0x8 ./src/pin_data.o
                0x0000000000011864                g_bsp_pin_cfg
 .rodata.g_timer0_extend
                0x000000000001186c        0x8 ./rz_gen/hal_data.o
                0x000000000001186c                g_timer0_extend
 .rodata.g_timer0_cfg
                0x0000000000011874       0x20 ./rz_gen/hal_data.o
                0x0000000000011874                g_timer0_cfg
 .rodata.g_timer0
                0x0000000000011894        0xc ./rz_gen/hal_data.o
                0x0000000000011894                g_timer0
 .rodata.g_interrupt_overwrite
                0x00000000000118a0        0x8 ./rz_gen/vector_data.o
                0x00000000000118a0                g_interrupt_overwrite
 .rodata.g_timer_on_gtm
                0x00000000000118a8       0x34 ./rz/fsp/src/r_gtm/r_gtm.o
                0x00000000000118a8                g_timer_on_gtm
 .rodata.g_bsp_prv_leds
                0x00000000000118dc        0x8 ./rz/board/rzg2l_ek/board_leds.o
 .rodata.g_bsp_leds
                0x00000000000118e4        0x8 ./rz/board/rzg2l_ek/board_leds.o
                0x00000000000118e4                g_bsp_leds
 *(.eh_frame*)
                0x00000000000118ec                __CODE_N_End = .
                0x00000000000007c0                __Vectors_Size = (__Vectors_End - __Vectors)

.glue_7         0x00000000000118ec        0x0
 .glue_7        0x00000000000118ec        0x0 linker stubs

.glue_7t        0x00000000000118ec        0x0
 .glue_7t       0x00000000000118ec        0x0 linker stubs

.vfp11_veneer   0x00000000000118ec        0x0
 .vfp11_veneer  0x00000000000118ec        0x0 linker stubs

.v4_bx          0x00000000000118ec        0x0
 .v4_bx         0x00000000000118ec        0x0 linker stubs

.iplt           0x00000000000118ec        0x0
 .iplt          0x00000000000118ec        0x0 ./src/hal_entry.o

.rel.dyn        0x00000000000118ec        0x0
 .rel.iplt      0x00000000000118ec        0x0 ./src/hal_entry.o

.ARM.extab
 *(.ARM.extab* .gnu.linkonce.armextab.*)
                0x00000000000118ec                __exidx_start = .

.ARM.exidx
 *(.ARM.exidx* .gnu.linkonce.armexidx.*)
                0x00000000000118ec                __exidx_end = .
                0x00000000000118ec                __etext = .
                0x000000002001e000                __tz_SRAM_N = ABSOLUTE (SRAM_N_START)
                0x000000002001e000                . = __tz_SRAM_N

.data           0x000000002001e000       0x58 load address 0x000000000001e000
                0x000000002001e000                __data_start__ = .
                0x000000002001e000                . = ALIGN (0x4)
                0x000000002001e000                __Code_In_RAM_Start = .
 *(.code_in_ram*)
                0x000000002001e000                __Code_In_RAM_End = .
 *(vtable)
 *(.data.*)
 .data.g_clock_freq
                0x000000002001e000       0x58 ./rz/fsp/src/bsp/mcu/all/bsp_clocks.o
 *(.data)
                0x000000002001e058                . = ALIGN (0x4)
                [!provide]                        PROVIDE (__preinit_array_start = .)
 *(.preinit_array)
                [!provide]                        PROVIDE (__preinit_array_end = .)
                0x000000002001e058                . = ALIGN (0x4)
                0x000000002001e058                PROVIDE (__init_array_start = .)
 *(SORT_BY_NAME(.init_array.*))
 *(.init_array)
                0x000000002001e058                PROVIDE (__init_array_end = .)
                0x000000002001e058                . = ALIGN (0x4)
                [!provide]                        PROVIDE (__fini_array_start = .)
 *(SORT_BY_NAME(.fini_array.*))
 *(.fini_array)
                [!provide]                        PROVIDE (__fini_array_end = .)
 *(.jcr*)
                0x000000002001e058                . = ALIGN (0x4)
                0x000000002001e058                __data_end__ = .

.igot.plt       0x000000002001e058        0x0 load address 0x000000000001e058
 .igot.plt      0x000000002001e058        0x0 ./src/hal_entry.o

.noinit         0x000000002001e058        0x0 load address 0x000000000001e058
                0x000000002001e058                . = ALIGN (0x4)
                0x000000002001e058                __noinit_start = .
 *(.noinit*)
                0x000000002001e058                . = ALIGN (0x8)
 *(.heap.*)
                0x000000002001e058                __noinit_end = .

.bss            0x000000002001e058      0x7b0 load address 0x000000000001e058
                0x000000002001e058                . = ALIGN (0x4)
                0x000000002001e058                __bss_start__ = .
 *(.bss*)
 .bss.pin_level.0
                0x000000002001e058        0x1 ./src/hal_entry.o
 *fill*         0x000000002001e059        0x3 
 .bss.g_ioport_ctrl
                0x000000002001e05c        0x8 ./rz_gen/common_data.o
                0x000000002001e05c                g_ioport_ctrl
 .bss.g_timer0_ctrl
                0x000000002001e064       0x1c ./rz_gen/hal_data.o
                0x000000002001e064                g_timer0_ctrl
 .bss.g_protect_pfswe_counter
                0x000000002001e080        0x4 ./rz/fsp/src/bsp/mcu/all/bsp_io.o
                0x000000002001e080                g_protect_pfswe_counter
 .bss.gp_renesas_isr_context
                0x000000002001e084      0x780 ./rz/fsp/src/bsp/mcu/all/bsp_irq.o
                0x000000002001e084                gp_renesas_isr_context
 .bss.SystemCoreClock
                0x000000002001e804        0x4 ./rz/fsp/src/bsp/cmsis/Device/RENESAS/Source/system.o
                0x000000002001e804                SystemCoreClock
 *(COMMON)
                0x000000002001e808                . = ALIGN (0x4)
                0x000000002001e808                __bss_end__ = .

.heap           0x000000002001e808        0x0 load address 0x000000000001e058
                0x000000002001e808                . = ALIGN (0x8)
                0x000000002001e808                __HeapBase = .
 *(.heap)
                0x000000002001e808                __HeapLimit = .

.stack_dummy    0x000000002001e808      0x200 load address 0x000000000001e058
                0x000000002001e808                . = ALIGN (0x8)
                0x000000002001e808                __StackLimit = .
 *(.stack)
 .stack         0x000000002001e808      0x200 ./rz/fsp/src/bsp/cmsis/Device/RENESAS/Source/startup.o
                0x000000002001ea08                __StackTop = .
 *(.stack*)
                0x000000002001ea08                __StackTopAll = .
                [!provide]                        PROVIDE (__stack = __StackTopAll)
                0x000000002001ea08                __SRAM_segment_used_end__ = ALIGN (__StackTopAll, 0x4)
                [!provide]                        PROVIDE (__tz_SRAM_C = __SRAM_segment_used_end__)
OUTPUT(rzg2l_baremetal_blinky_smarc elf32-littlearm)
LOAD linker stubs

.debug_info     0x0000000000000000    0x2526a
 .debug_info    0x0000000000000000     0x3016 ./src/hal_entry.o
 .debug_info    0x0000000000003016      0x569 ./src/pin_data.o
 .debug_info    0x000000000000357f      0xbed ./rz_gen/common_data.o
 .debug_info    0x000000000000416c     0x1793 ./rz_gen/hal_data.o
 .debug_info    0x00000000000058ff       0x94 ./rz_gen/main.o
 .debug_info    0x0000000000005993      0xd2e ./rz_gen/vector_data.o
 .debug_info    0x00000000000066c1     0x5241 ./rz/fsp/src/r_ioport/r_ioport.o
 .debug_info    0x000000000000b902     0xc83c ./rz/fsp/src/r_gtm/r_gtm.o
 .debug_info    0x000000000001813e       0xac ./rz/fsp/src/bsp/mcu/rzg2l/bsp_irq_vector.o
 .debug_info    0x00000000000181ea      0x1cd ./rz/fsp/src/bsp/mcu/all/bsp_clocks.o
 .debug_info    0x00000000000183b7      0x449 ./rz/fsp/src/bsp/mcu/all/bsp_common.o
 .debug_info    0x0000000000018800       0xae ./rz/fsp/src/bsp/mcu/all/bsp_io.o
 .debug_info    0x00000000000188ae      0x191 ./rz/fsp/src/bsp/mcu/all/bsp_irq.o
 .debug_info    0x0000000000018a3f     0xb446 ./rz/fsp/src/bsp/mcu/all/bsp_irqs.o
 .debug_info    0x0000000000023e85      0x625 ./rz/fsp/src/bsp/mcu/all/bsp_security.o
 .debug_info    0x00000000000244aa      0x12f ./rz/fsp/src/bsp/cmsis/Device/RENESAS/Source/startup.o
 .debug_info    0x00000000000245d9      0x141 ./rz/fsp/src/bsp/cmsis/Device/RENESAS/Source/startups.o
 .debug_info    0x000000000002471a      0x1be ./rz/fsp/src/bsp/cmsis/Device/RENESAS/Source/system.o
 .debug_info    0x00000000000248d8      0x477 ./rz/fsp/src/bsp/cmsis/Device/RENESAS/Source/systems.o
 .debug_info    0x0000000000024d4f       0xa2 ./rz/board/rzg2l_ek/board_init.o
 .debug_info    0x0000000000024df1      0x479 ./rz/board/rzg2l_ek/board_leds.o

.debug_abbrev   0x0000000000000000     0x1d7b
 .debug_abbrev  0x0000000000000000      0x2ea ./src/hal_entry.o
 .debug_abbrev  0x00000000000002ea       0xdf ./src/pin_data.o
 .debug_abbrev  0x00000000000003c9      0x16d ./rz_gen/common_data.o
 .debug_abbrev  0x0000000000000536      0x1c9 ./rz_gen/hal_data.o
 .debug_abbrev  0x00000000000006ff       0x49 ./rz_gen/main.o
 .debug_abbrev  0x0000000000000748       0xc4 ./rz_gen/vector_data.o
 .debug_abbrev  0x000000000000080c      0x431 ./rz/fsp/src/r_ioport/r_ioport.o
 .debug_abbrev  0x0000000000000c3d      0x48a ./rz/fsp/src/r_gtm/r_gtm.o
 .debug_abbrev  0x00000000000010c7       0x6d ./rz/fsp/src/bsp/mcu/rzg2l/bsp_irq_vector.o
 .debug_abbrev  0x0000000000001134       0xf3 ./rz/fsp/src/bsp/mcu/all/bsp_clocks.o
 .debug_abbrev  0x0000000000001227      0x151 ./rz/fsp/src/bsp/mcu/all/bsp_common.o
 .debug_abbrev  0x0000000000001378       0x61 ./rz/fsp/src/bsp/mcu/all/bsp_io.o
 .debug_abbrev  0x00000000000013d9       0xfe ./rz/fsp/src/bsp/mcu/all/bsp_irq.o
 .debug_abbrev  0x00000000000014d7      0x1cc ./rz/fsp/src/bsp/mcu/all/bsp_irqs.o
 .debug_abbrev  0x00000000000016a3      0x1cc ./rz/fsp/src/bsp/mcu/all/bsp_security.o
 .debug_abbrev  0x000000000000186f       0xc9 ./rz/fsp/src/bsp/cmsis/Device/RENESAS/Source/startup.o
 .debug_abbrev  0x0000000000001938       0xc9 ./rz/fsp/src/bsp/cmsis/Device/RENESAS/Source/startups.o
 .debug_abbrev  0x0000000000001a01      0x10c ./rz/fsp/src/bsp/cmsis/Device/RENESAS/Source/system.o
 .debug_abbrev  0x0000000000001b0d      0x148 ./rz/fsp/src/bsp/cmsis/Device/RENESAS/Source/systems.o
 .debug_abbrev  0x0000000000001c55       0x5f ./rz/board/rzg2l_ek/board_init.o
 .debug_abbrev  0x0000000000001cb4       0xc7 ./rz/board/rzg2l_ek/board_leds.o

.debug_aranges  0x0000000000000000      0x4e0
 .debug_aranges
                0x0000000000000000       0x38 ./src/hal_entry.o
 .debug_aranges
                0x0000000000000038       0x18 ./src/pin_data.o
 .debug_aranges
                0x0000000000000050       0x20 ./rz_gen/common_data.o
 .debug_aranges
                0x0000000000000070       0x20 ./rz_gen/hal_data.o
 .debug_aranges
                0x0000000000000090       0x20 ./rz_gen/main.o
 .debug_aranges
                0x00000000000000b0       0x18 ./rz_gen/vector_data.o
 .debug_aranges
                0x00000000000000c8      0x138 ./rz/fsp/src/r_ioport/r_ioport.o
 .debug_aranges
                0x0000000000000200       0xf0 ./rz/fsp/src/r_gtm/r_gtm.o
 .debug_aranges
                0x00000000000002f0       0x18 ./rz/fsp/src/bsp/mcu/rzg2l/bsp_irq_vector.o
 .debug_aranges
                0x0000000000000308       0x38 ./rz/fsp/src/bsp/mcu/all/bsp_clocks.o
 .debug_aranges
                0x0000000000000340       0x30 ./rz/fsp/src/bsp/mcu/all/bsp_common.o
 .debug_aranges
                0x0000000000000370       0x18 ./rz/fsp/src/bsp/mcu/all/bsp_io.o
 .debug_aranges
                0x0000000000000388       0x20 ./rz/fsp/src/bsp/mcu/all/bsp_irq.o
 .debug_aranges
                0x00000000000003a8       0x20 ./rz/fsp/src/bsp/mcu/all/bsp_irqs.o
 .debug_aranges
                0x00000000000003c8       0x30 ./rz/fsp/src/bsp/mcu/all/bsp_security.o
 .debug_aranges
                0x00000000000003f8       0x30 ./rz/fsp/src/bsp/cmsis/Device/RENESAS/Source/startup.o
 .debug_aranges
                0x0000000000000428       0x38 ./rz/fsp/src/bsp/cmsis/Device/RENESAS/Source/startups.o
 .debug_aranges
                0x0000000000000460       0x28 ./rz/fsp/src/bsp/cmsis/Device/RENESAS/Source/system.o
 .debug_aranges
                0x0000000000000488       0x20 ./rz/fsp/src/bsp/cmsis/Device/RENESAS/Source/systems.o
 .debug_aranges
                0x00000000000004a8       0x20 ./rz/board/rzg2l_ek/board_init.o
 .debug_aranges
                0x00000000000004c8       0x18 ./rz/board/rzg2l_ek/board_leds.o

.debug_ranges   0x0000000000000000      0x368
 .debug_ranges  0x0000000000000000       0x28 ./src/hal_entry.o
 .debug_ranges  0x0000000000000028       0x10 ./rz_gen/common_data.o
 .debug_ranges  0x0000000000000038       0x10 ./rz_gen/hal_data.o
 .debug_ranges  0x0000000000000048       0x10 ./rz_gen/main.o
 .debug_ranges  0x0000000000000058      0x128 ./rz/fsp/src/r_ioport/r_ioport.o
 .debug_ranges  0x0000000000000180       0xe0 ./rz/fsp/src/r_gtm/r_gtm.o
 .debug_ranges  0x0000000000000260       0x28 ./rz/fsp/src/bsp/mcu/all/bsp_clocks.o
 .debug_ranges  0x0000000000000288       0x20 ./rz/fsp/src/bsp/mcu/all/bsp_common.o
 .debug_ranges  0x00000000000002a8       0x10 ./rz/fsp/src/bsp/mcu/all/bsp_irq.o
 .debug_ranges  0x00000000000002b8       0x10 ./rz/fsp/src/bsp/mcu/all/bsp_irqs.o
 .debug_ranges  0x00000000000002c8       0x20 ./rz/fsp/src/bsp/mcu/all/bsp_security.o
 .debug_ranges  0x00000000000002e8       0x20 ./rz/fsp/src/bsp/cmsis/Device/RENESAS/Source/startup.o
 .debug_ranges  0x0000000000000308       0x28 ./rz/fsp/src/bsp/cmsis/Device/RENESAS/Source/startups.o
 .debug_ranges  0x0000000000000330       0x18 ./rz/fsp/src/bsp/cmsis/Device/RENESAS/Source/system.o
 .debug_ranges  0x0000000000000348       0x10 ./rz/fsp/src/bsp/cmsis/Device/RENESAS/Source/systems.o
 .debug_ranges  0x0000000000000358       0x10 ./rz/board/rzg2l_ek/board_init.o

.debug_macro    0x0000000000000000    0x13991
 .debug_macro   0x0000000000000000      0x4a0 ./src/hal_entry.o
 .debug_macro   0x00000000000004a0      0xa60 ./src/hal_entry.o
 .debug_macro   0x0000000000000f00       0x22 ./src/hal_entry.o
 .debug_macro   0x0000000000000f22       0x8e ./src/hal_entry.o
 .debug_macro   0x0000000000000fb0       0x51 ./src/hal_entry.o
 .debug_macro   0x0000000000001001      0x103 ./src/hal_entry.o
 .debug_macro   0x0000000000001104       0x6a ./src/hal_entry.o
 .debug_macro   0x000000000000116e      0x1df ./src/hal_entry.o
 .debug_macro   0x000000000000134d       0x64 ./src/hal_entry.o
 .debug_macro   0x00000000000013b1       0x18 ./src/hal_entry.o
 .debug_macro   0x00000000000013c9       0x35 ./src/hal_entry.o
 .debug_macro   0x00000000000013fe       0x34 ./src/hal_entry.o
 .debug_macro   0x0000000000001432       0x1c ./src/hal_entry.o
 .debug_macro   0x000000000000144e       0x28 ./src/hal_entry.o
 .debug_macro   0x0000000000001476       0x28 ./src/hal_entry.o
 .debug_macro   0x000000000000149e       0xca ./src/hal_entry.o
 .debug_macro   0x0000000000001568       0x28 ./src/hal_entry.o
 .debug_macro   0x0000000000001590       0x10 ./src/hal_entry.o
 .debug_macro   0x00000000000015a0       0xac ./src/hal_entry.o
 .debug_macro   0x000000000000164c       0x76 ./src/hal_entry.o
 .debug_macro   0x00000000000016c2       0x4c ./src/hal_entry.o
 .debug_macro   0x000000000000170e       0xdf ./src/hal_entry.o
 .debug_macro   0x00000000000017ed       0x28 ./src/hal_entry.o
 .debug_macro   0x0000000000001815       0x1c ./src/hal_entry.o
 .debug_macro   0x0000000000001831       0x2a ./src/hal_entry.o
 .debug_macro   0x000000000000185b     0x17a4 ./src/hal_entry.o
 .debug_macro   0x0000000000002fff       0x5e ./src/hal_entry.o
 .debug_macro   0x000000000000305d       0x2e ./src/hal_entry.o
 .debug_macro   0x000000000000308b       0x16 ./src/hal_entry.o
 .debug_macro   0x00000000000030a1       0x18 ./src/hal_entry.o
 .debug_macro   0x00000000000030b9       0xd4 ./src/hal_entry.o
 .debug_macro   0x000000000000318d       0x88 ./src/hal_entry.o
 .debug_macro   0x0000000000003215       0x2e ./src/hal_entry.o
 .debug_macro   0x0000000000003243       0x18 ./src/hal_entry.o
 .debug_macro   0x000000000000325b       0x86 ./src/hal_entry.o
 .debug_macro   0x00000000000032e1       0x18 ./src/hal_entry.o
 .debug_macro   0x00000000000032f9       0x16 ./src/hal_entry.o
 .debug_macro   0x000000000000330f       0x42 ./src/hal_entry.o
 .debug_macro   0x0000000000003351       0x50 ./src/hal_entry.o
 .debug_macro   0x00000000000033a1       0x18 ./src/hal_entry.o
 .debug_macro   0x00000000000033b9       0x18 ./src/hal_entry.o
 .debug_macro   0x00000000000033d1       0x18 ./src/hal_entry.o
 .debug_macro   0x00000000000033e9     0x498c ./src/hal_entry.o
 .debug_macro   0x0000000000007d75     0x1074 ./src/hal_entry.o
 .debug_macro   0x0000000000008de9       0x5e ./src/hal_entry.o
 .debug_macro   0x0000000000008e47      0xcae ./src/hal_entry.o
 .debug_macro   0x0000000000009af5       0x76 ./src/hal_entry.o
 .debug_macro   0x0000000000009b6b      0x483 ./src/hal_entry.o
 .debug_macro   0x0000000000009fee      0x1ba ./src/hal_entry.o
 .debug_macro   0x000000000000a1a8      0x3d2 ./src/hal_entry.o
 .debug_macro   0x000000000000a57a      0x29e ./src/hal_entry.o
 .debug_macro   0x000000000000a818      0x4a4 ./src/hal_entry.o
 .debug_macro   0x000000000000acbc      0x99e ./src/hal_entry.o
 .debug_macro   0x000000000000b65a      0x14e ./src/hal_entry.o
 .debug_macro   0x000000000000b7a8      0x174 ./src/hal_entry.o
 .debug_macro   0x000000000000b91c       0x22 ./src/hal_entry.o
 .debug_macro   0x000000000000b93e       0x16 ./src/hal_entry.o
 .debug_macro   0x000000000000b954       0x16 ./src/hal_entry.o
 .debug_macro   0x000000000000b96a       0x43 ./src/hal_entry.o
 .debug_macro   0x000000000000b9ad       0x34 ./src/hal_entry.o
 .debug_macro   0x000000000000b9e1       0x10 ./src/hal_entry.o
 .debug_macro   0x000000000000b9f1       0x58 ./src/hal_entry.o
 .debug_macro   0x000000000000ba49      0x182 ./src/hal_entry.o
 .debug_macro   0x000000000000bbcb      0x333 ./src/hal_entry.o
 .debug_macro   0x000000000000befe       0x10 ./src/hal_entry.o
 .debug_macro   0x000000000000bf0e       0x35 ./src/hal_entry.o
 .debug_macro   0x000000000000bf43       0x63 ./src/hal_entry.o
 .debug_macro   0x000000000000bfa6       0x7c ./src/hal_entry.o
 .debug_macro   0x000000000000c022       0x99 ./src/hal_entry.o
 .debug_macro   0x000000000000c0bb       0x1c ./src/hal_entry.o
 .debug_macro   0x000000000000c0d7       0x2e ./src/hal_entry.o
 .debug_macro   0x000000000000c105      0xc85 ./src/hal_entry.o
 .debug_macro   0x000000000000cd8a      0x376 ./src/hal_entry.o
 .debug_macro   0x000000000000d100      0x355 ./src/hal_entry.o
 .debug_macro   0x000000000000d455       0x16 ./src/hal_entry.o
 .debug_macro   0x000000000000d46b       0x2e ./src/hal_entry.o
 .debug_macro   0x000000000000d499       0x10 ./src/hal_entry.o
 .debug_macro   0x000000000000d4a9       0x10 ./src/hal_entry.o
 .debug_macro   0x000000000000d4b9       0x10 ./src/hal_entry.o
 .debug_macro   0x000000000000d4c9       0x16 ./src/hal_entry.o
 .debug_macro   0x000000000000d4df       0x1c ./src/hal_entry.o
 .debug_macro   0x000000000000d4fb      0x443 ./src/pin_data.o
 .debug_macro   0x000000000000d93e       0x5e ./src/pin_data.o
 .debug_macro   0x000000000000d99c       0x94 ./src/pin_data.o
 .debug_macro   0x000000000000da30       0x57 ./src/pin_data.o
 .debug_macro   0x000000000000da87      0x475 ./rz_gen/common_data.o
 .debug_macro   0x000000000000defc      0x4a0 ./rz_gen/hal_data.o
 .debug_macro   0x000000000000e39c      0x4a0 ./rz_gen/main.o
 .debug_macro   0x000000000000e83c      0x434 ./rz_gen/vector_data.o
 .debug_macro   0x000000000000ec70      0x527 ./rz/fsp/src/r_ioport/r_ioport.o
 .debug_macro   0x000000000000f197      0x461 ./rz/fsp/src/r_gtm/r_gtm.o
 .debug_macro   0x000000000000f5f8       0x10 ./rz/fsp/src/r_gtm/r_gtm.o
 .debug_macro   0x000000000000f608      0x430 ./rz/fsp/src/bsp/mcu/rzg2l/bsp_irq_vector.o
 .debug_macro   0x000000000000fa38      0x440 ./rz/fsp/src/bsp/mcu/all/bsp_clocks.o
 .debug_macro   0x000000000000fe78      0xc7f ./rz/fsp/src/bsp/mcu/all/bsp_clocks.o
 .debug_macro   0x0000000000010af7      0x442 ./rz/fsp/src/bsp/mcu/all/bsp_common.o
 .debug_macro   0x0000000000010f39      0x430 ./rz/fsp/src/bsp/mcu/all/bsp_io.o
 .debug_macro   0x0000000000011369      0x430 ./rz/fsp/src/bsp/mcu/all/bsp_irq.o
 .debug_macro   0x0000000000011799      0x450 ./rz/fsp/src/bsp/mcu/all/bsp_irqs.o
 .debug_macro   0x0000000000011be9      0x448 ./rz/fsp/src/bsp/mcu/all/bsp_security.o
 .debug_macro   0x0000000000012031      0x436 ./rz/fsp/src/bsp/cmsis/Device/RENESAS/Source/startup.o
 .debug_macro   0x0000000000012467      0x436 ./rz/fsp/src/bsp/cmsis/Device/RENESAS/Source/startups.o
 .debug_macro   0x000000000001289d      0x446 ./rz/fsp/src/bsp/cmsis/Device/RENESAS/Source/system.o
 .debug_macro   0x0000000000012ce3      0x44e ./rz/fsp/src/bsp/cmsis/Device/RENESAS/Source/systems.o
 .debug_macro   0x0000000000013131      0x430 ./rz/board/rzg2l_ek/board_init.o
 .debug_macro   0x0000000000013561      0x430 ./rz/board/rzg2l_ek/board_leds.o

.debug_line     0x0000000000000000    0x13237
 .debug_line    0x0000000000000000      0xfc8 ./src/hal_entry.o
 .debug_line    0x0000000000000fc8      0xd6b ./src/pin_data.o
 .debug_line    0x0000000000001d33      0xe81 ./rz_gen/common_data.o
 .debug_line    0x0000000000002bb4      0xebe ./rz_gen/hal_data.o
 .debug_line    0x0000000000003a72      0xebb ./rz_gen/main.o
 .debug_line    0x000000000000492d      0xd70 ./rz_gen/vector_data.o
 .debug_line    0x000000000000569d     0x1532 ./rz/fsp/src/r_ioport/r_ioport.o
 .debug_line    0x0000000000006bcf     0x130f ./rz/fsp/src/r_gtm/r_gtm.o
 .debug_line    0x0000000000007ede      0xd74 ./rz/fsp/src/bsp/mcu/rzg2l/bsp_irq_vector.o
 .debug_line    0x0000000000008c52      0xdf9 ./rz/fsp/src/bsp/mcu/all/bsp_clocks.o
 .debug_line    0x0000000000009a4b      0xdba ./rz/fsp/src/bsp/mcu/all/bsp_common.o
 .debug_line    0x000000000000a805      0xd6a ./rz/fsp/src/bsp/mcu/all/bsp_io.o
 .debug_line    0x000000000000b56f      0xda3 ./rz/fsp/src/bsp/mcu/all/bsp_irq.o
 .debug_line    0x000000000000c312      0xde0 ./rz/fsp/src/bsp/mcu/all/bsp_irqs.o
 .debug_line    0x000000000000d0f2      0xe29 ./rz/fsp/src/bsp/mcu/all/bsp_security.o
 .debug_line    0x000000000000df1b      0xdcb ./rz/fsp/src/bsp/cmsis/Device/RENESAS/Source/startup.o
 .debug_line    0x000000000000ece6      0xde3 ./rz/fsp/src/bsp/cmsis/Device/RENESAS/Source/startups.o
 .debug_line    0x000000000000fac9      0xe4e ./rz/fsp/src/bsp/cmsis/Device/RENESAS/Source/system.o
 .debug_line    0x0000000000010917      0xe3c ./rz/fsp/src/bsp/cmsis/Device/RENESAS/Source/systems.o
 .debug_line    0x0000000000011753      0xd7b ./rz/board/rzg2l_ek/board_init.o
 .debug_line    0x00000000000124ce      0xd69 ./rz/board/rzg2l_ek/board_leds.o

.debug_str      0x0000000000000000    0x5ce3d
 .debug_str     0x0000000000000000    0x56b48 ./src/hal_entry.o
                                      0x56dd8 (size before relaxing)
 .debug_str     0x0000000000056b48      0x25a ./src/pin_data.o
                                      0x53a32 (size before relaxing)
 .debug_str     0x0000000000056da2      0x52d ./rz_gen/common_data.o
                                      0x544ae (size before relaxing)
 .debug_str     0x00000000000572cf      0x18b ./rz_gen/hal_data.o
                                      0x55b49 (size before relaxing)
 .debug_str     0x000000000005745a       0x16 ./rz_gen/main.o
                                      0x52e8a (size before relaxing)
 .debug_str     0x0000000000057470       0x55 ./rz_gen/vector_data.o
                                      0x54c2d (size before relaxing)
 .debug_str     0x00000000000574c5     0x1065 ./rz/fsp/src/r_ioport/r_ioport.o
                                      0x55c7f (size before relaxing)
 .debug_str     0x000000000005852a     0x3114 ./rz/fsp/src/r_gtm/r_gtm.o
                                      0x59a51 (size before relaxing)
 .debug_str     0x000000000005b63e       0x49 ./rz/fsp/src/bsp/mcu/rzg2l/bsp_irq_vector.o
                                      0x52be5 (size before relaxing)
 .debug_str     0x000000000005b687       0xd1 ./rz/fsp/src/bsp/mcu/all/bsp_clocks.o
                                      0x52e7f (size before relaxing)
 .debug_str     0x000000000005b758      0x18b ./rz/fsp/src/bsp/mcu/all/bsp_common.o
                                      0x53394 (size before relaxing)
 .debug_str     0x000000000005b8e3       0x23 ./rz/fsp/src/bsp/mcu/all/bsp_io.o
                                      0x52beb (size before relaxing)
 .debug_str     0x000000000005b906       0x30 ./rz/fsp/src/bsp/mcu/all/bsp_irq.o
                                      0x52c62 (size before relaxing)
 .debug_str     0x000000000005b936      0xe79 ./rz/fsp/src/bsp/mcu/all/bsp_irqs.o
                                      0x56fd8 (size before relaxing)
 .debug_str     0x000000000005c7af      0x2c1 ./rz/fsp/src/bsp/mcu/all/bsp_security.o
                                      0x52faf (size before relaxing)
 .debug_str     0x000000000005ca70       0xc2 ./rz/fsp/src/bsp/cmsis/Device/RENESAS/Source/startup.o
                                      0x52c7a (size before relaxing)
 .debug_str     0x000000000005cb32       0xe7 ./rz/fsp/src/bsp/cmsis/Device/RENESAS/Source/startups.o
                                      0x52c9f (size before relaxing)
 .debug_str     0x000000000005cc19       0xe4 ./rz/fsp/src/bsp/cmsis/Device/RENESAS/Source/system.o
                                      0x52d74 (size before relaxing)
 .debug_str     0x000000000005ccfd       0xe4 ./rz/fsp/src/bsp/cmsis/Device/RENESAS/Source/systems.o
                                      0x52df5 (size before relaxing)
 .debug_str     0x000000000005cde1       0x2b ./rz/board/rzg2l_ek/board_init.o
                                      0x52bce (size before relaxing)
 .debug_str     0x000000000005ce0c       0x31 ./rz/board/rzg2l_ek/board_leds.o
                                      0x536ba (size before relaxing)

.comment        0x0000000000000000       0x4d
 .comment       0x0000000000000000       0x4d ./src/hal_entry.o
                                         0x4e (size before relaxing)
 .comment       0x000000000000004d       0x4e ./src/pin_data.o
 .comment       0x000000000000004d       0x4e ./rz_gen/common_data.o
 .comment       0x000000000000004d       0x4e ./rz_gen/hal_data.o
 .comment       0x000000000000004d       0x4e ./rz_gen/main.o
 .comment       0x000000000000004d       0x4e ./rz_gen/vector_data.o
 .comment       0x000000000000004d       0x4e ./rz/fsp/src/r_ioport/r_ioport.o
 .comment       0x000000000000004d       0x4e ./rz/fsp/src/r_gtm/r_gtm.o
 .comment       0x000000000000004d       0x4e ./rz/fsp/src/bsp/mcu/rzg2l/bsp_irq_vector.o
 .comment       0x000000000000004d       0x4e ./rz/fsp/src/bsp/mcu/all/bsp_clocks.o
 .comment       0x000000000000004d       0x4e ./rz/fsp/src/bsp/mcu/all/bsp_common.o
 .comment       0x000000000000004d       0x4e ./rz/fsp/src/bsp/mcu/all/bsp_io.o
 .comment       0x000000000000004d       0x4e ./rz/fsp/src/bsp/mcu/all/bsp_irq.o
 .comment       0x000000000000004d       0x4e ./rz/fsp/src/bsp/mcu/all/bsp_irqs.o
 .comment       0x000000000000004d       0x4e ./rz/fsp/src/bsp/mcu/all/bsp_security.o
 .comment       0x000000000000004d       0x4e ./rz/fsp/src/bsp/cmsis/Device/RENESAS/Source/startup.o
 .comment       0x000000000000004d       0x4e ./rz/fsp/src/bsp/cmsis/Device/RENESAS/Source/startups.o
 .comment       0x000000000000004d       0x4e ./rz/fsp/src/bsp/cmsis/Device/RENESAS/Source/system.o
 .comment       0x000000000000004d       0x4e ./rz/fsp/src/bsp/cmsis/Device/RENESAS/Source/systems.o
 .comment       0x000000000000004d       0x4e ./rz/board/rzg2l_ek/board_init.o
 .comment       0x000000000000004d       0x4e ./rz/board/rzg2l_ek/board_leds.o

.ARM.attributes
                0x0000000000000000       0x34
 .ARM.attributes
                0x0000000000000000       0x32 ./src/hal_entry.o
 .ARM.attributes
                0x0000000000000032       0x36 ./src/pin_data.o
 .ARM.attributes
                0x0000000000000068       0x32 ./rz_gen/common_data.o
 .ARM.attributes
                0x000000000000009a       0x32 ./rz_gen/hal_data.o
 .ARM.attributes
                0x00000000000000cc       0x32 ./rz_gen/main.o
 .ARM.attributes
                0x00000000000000fe       0x36 ./rz_gen/vector_data.o
 .ARM.attributes
                0x0000000000000134       0x32 ./rz/fsp/src/r_ioport/r_ioport.o
 .ARM.attributes
                0x0000000000000166       0x32 ./rz/fsp/src/r_gtm/r_gtm.o
 .ARM.attributes
                0x0000000000000198       0x36 ./rz/fsp/src/bsp/mcu/rzg2l/bsp_irq_vector.o
 .ARM.attributes
                0x00000000000001ce       0x32 ./rz/fsp/src/bsp/mcu/all/bsp_clocks.o
 .ARM.attributes
                0x0000000000000200       0x32 ./rz/fsp/src/bsp/mcu/all/bsp_common.o
 .ARM.attributes
                0x0000000000000232       0x36 ./rz/fsp/src/bsp/mcu/all/bsp_io.o
 .ARM.attributes
                0x0000000000000268       0x32 ./rz/fsp/src/bsp/mcu/all/bsp_irq.o
 .ARM.attributes
                0x000000000000029a       0x32 ./rz/fsp/src/bsp/mcu/all/bsp_irqs.o
 .ARM.attributes
                0x00000000000002cc       0x32 ./rz/fsp/src/bsp/mcu/all/bsp_security.o
 .ARM.attributes
                0x00000000000002fe       0x32 ./rz/fsp/src/bsp/cmsis/Device/RENESAS/Source/startup.o
 .ARM.attributes
                0x0000000000000330       0x32 ./rz/fsp/src/bsp/cmsis/Device/RENESAS/Source/startups.o
 .ARM.attributes
                0x0000000000000362       0x32 ./rz/fsp/src/bsp/cmsis/Device/RENESAS/Source/system.o
 .ARM.attributes
                0x0000000000000394       0x32 ./rz/fsp/src/bsp/cmsis/Device/RENESAS/Source/systems.o
 .ARM.attributes
                0x00000000000003c6       0x32 ./rz/board/rzg2l_ek/board_init.o
 .ARM.attributes
                0x00000000000003f8       0x36 ./rz/board/rzg2l_ek/board_leds.o
 .ARM.attributes
                0x000000000000042e       0x32 /opt/arm/gcc-arm-none-eabi-10-2020-q4-major/bin/../lib/gcc/arm-none-eabi/10.2.1/../../../../arm-none-eabi/lib/thumb/v8-m.main/nofp/libc_nano.a(lib_a-memcpy-stub.o)
 .ARM.attributes
                0x0000000000000460       0x32 /opt/arm/gcc-arm-none-eabi-10-2020-q4-major/bin/../lib/gcc/arm-none-eabi/10.2.1/../../../../arm-none-eabi/lib/thumb/v8-m.main/nofp/libc_nano.a(lib_a-memset.o)

.debug_frame    0x0000000000000000      0xefc
 .debug_frame   0x0000000000000000       0xa0 ./src/hal_entry.o
 .debug_frame   0x00000000000000a0       0x30 ./rz_gen/common_data.o
 .debug_frame   0x00000000000000d0       0x2c ./rz_gen/hal_data.o
 .debug_frame   0x00000000000000fc       0x2c ./rz_gen/main.o
 .debug_frame   0x0000000000000128      0x5b8 ./rz/fsp/src/r_ioport/r_ioport.o
 .debug_frame   0x00000000000006e0      0x418 ./rz/fsp/src/r_gtm/r_gtm.o
 .debug_frame   0x0000000000000af8       0x90 ./rz/fsp/src/bsp/mcu/all/bsp_clocks.o
 .debug_frame   0x0000000000000b88       0x88 ./rz/fsp/src/bsp/mcu/all/bsp_common.o
 .debug_frame   0x0000000000000c10       0x38 ./rz/fsp/src/bsp/mcu/all/bsp_irq.o
 .debug_frame   0x0000000000000c48       0x38 ./rz/fsp/src/bsp/mcu/all/bsp_irqs.o
 .debug_frame   0x0000000000000c80       0x74 ./rz/fsp/src/bsp/mcu/all/bsp_security.o
 .debug_frame   0x0000000000000cf4       0x6c ./rz/fsp/src/bsp/cmsis/Device/RENESAS/Source/startup.o
 .debug_frame   0x0000000000000d60       0x8c ./rz/fsp/src/bsp/cmsis/Device/RENESAS/Source/startups.o
 .debug_frame   0x0000000000000dec       0x5c ./rz/fsp/src/bsp/cmsis/Device/RENESAS/Source/system.o
 .debug_frame   0x0000000000000e48       0x34 ./rz/fsp/src/bsp/cmsis/Device/RENESAS/Source/systems.o
 .debug_frame   0x0000000000000e7c       0x38 ./rz/board/rzg2l_ek/board_init.o
 .debug_frame   0x0000000000000eb4       0x28 /opt/arm/gcc-arm-none-eabi-10-2020-q4-major/bin/../lib/gcc/arm-none-eabi/10.2.1/../../../../arm-none-eabi/lib/thumb/v8-m.main/nofp/libc_nano.a(lib_a-memcpy-stub.o)
 .debug_frame   0x0000000000000edc       0x20 /opt/arm/gcc-arm-none-eabi-10-2020-q4-major/bin/../lib/gcc/arm-none-eabi/10.2.1/../../../../arm-none-eabi/lib/thumb/v8-m.main/nofp/libc_nano.a(lib_a-memset.o)
